// Jest Snapshot v1, https://goo.gl/fbAQLP

exports[`CountryDetails component renders correctly 1`] = `
<div
  className="main-container"
>
  <div
    className="page-header"
  >
    <img
      alt=""
      className="page-image"
      src=""
    />
    <div
      className="page-title"
    >
      <h2
        className="heading-color"
      />
      <span
        className="heading-color"
      />
    </div>
  </div>
  <div
    className="section-title"
  >
    <h4
      className="heading-color"
    />
    <img
      alt=""
    />
  </div>
  <div
    className="main-container"
  >
    <div
      className="item"
    >
      <span
        className="heading-color"
      >
        Official Name
      </span>
      <span
        className="heading-color"
      />
    </div>
    <div
      className="item heading-color"
    >
      Capital
      <span />
    </div>
    <div
      className="item heading-color"
    >
      Population
      <span />
    </div>
    <div
      className="item heading-color"
    >
      Area
      <span>
         
        sq. km
      </span>
    </div>
    <div
      className="item heading-color"
    >
      Latitude
      <span />
      Longitude
      <span />
    </div>
  </div>
</div>
`;
