// Jest Snapshot v1, https://goo.gl/fbAQLP

exports[`Wrapper component renders correctly 1`] = `
<div
  className="page-header"
>
  <img
    alt=""
    className="page-image"
    src=""
  />
  <div
    className="page-title"
  >
    <h2
      className="heading-color"
    />
    <span
      className="heading-color"
    />
  </div>
</div>
`;
